
The "0-add_integer" module
==========================

Using "add_integer"
-------------------

Import file:
>>> add_integer = __import__('0-add_integer').add_integer

Test with two numbers:
>>> add_integer(1, 2)
3

Test with three numbers:
>>> add_integer(1, 2, 3)
Traceback (most recent call last):
...
TypeError: add_integer() takes from 1 to 2 positional arguments but 3 were given

Test with two negative numbers:
>>> add_integer(-1, -2)
-3

Test with no args:
>>> add_integer()
Traceback (most recent call last):
...
TypeError: add_integer() missing 1 required positional argument: 'a'

Test with 1 argument:
>>> add_integer(2)
100